Tehith@DESKTOP-8BVO14S MINGW64 /c/Program Files
$ git --version
git version 2.45.2.windows.1

Tehith@DESKTOP-8BVO14S MINGW64 /c/Program Files
$ git config --global --list
fatal: unable to read config file 'C:/Users/Tehith/.gitconfig': No such file or directory

Tehith@DESKTOP-8BVO14S MINGW64 /c/Program Files
$ git config --global user.name "saitehith28"

Tehith@DESKTOP-8BVO14S MINGW64 /c/Program Files
$ git config --global user.email "saitehith028@gmail.com"

Tehith@DESKTOP-8BVO14S MINGW64 /c/Program Files
$ git config --global --list
user.name=saitehith28
user.email=saitehith028@gmail.com

Tehith@DESKTOP-8BVO14S MINGW64 /c/Program Files
$









Tehith@DESKTOP-8BVO14S MINGW64 /d/TechMahindra/GitExamples
$ git --version
git version 2.45.2.windows.1

Tehith@DESKTOP-8BVO14S MINGW64 /d/TechMahindra/GitExamples
$ git config --global --list
user.name=saitehith28
user.email=saitehith028@gmail.com

Tehith@DESKTOP-8BVO14S MINGW64 /d/TechMahindra/GitExamples
$ git init
Initialized empty Git repository in D:/TechMahindra/GitExamples/.git/

Tehith@DESKTOP-8BVO14S MINGW64 /d/TechMahindra/GitExamples (main)
$ ls
Welcome.txt

Tehith@DESKTOP-8BVO14S MINGW64 /d/TechMahindra/GitExamples (main)
$ ls -l
total 0
-rw-r--r-- 1 Tehith 197121 0 Jun  5 00:12 Welcome.txt

Tehith@DESKTOP-8BVO14S MINGW64 /d/TechMahindra/GitExamples (main)
$ ls -al
total 4
drwxr-xr-x 1 Tehith 197121 0 Jun  5 00:12 ./
drwxr-xr-x 1 Tehith 197121 0 Jun  5 00:10 ../
drwxr-xr-x 1 Tehith 197121 0 Jun  5 00:11 .git/
-rw-r--r-- 1 Tehith 197121 0 Jun  5 00:12 Welcome.txt

Tehith@DESKTOP-8BVO14S MINGW64 /d/TechMahindra/GitExamples (main)
$ chmod 744 welcome.txt

Tehith@DESKTOP-8BVO14S MINGW64 /d/TechMahindra/GitExamples (main)
$ ls -l
total 0
-rw-r--r-- 1 Tehith 197121 0 Jun  5 00:12 Welcome.txt

Tehith@DESKTOP-8BVO14S MINGW64 /d/TechMahindra/GitExamples (main)
$ cat file1.txt
cat: file1.txt: No such file or directory

Tehith@DESKTOP-8BVO14S MINGW64 /d/TechMahindra/GitExamples (main)
$ cat > file1.txt
This is file1, ctrl D to stop

Tehith@DESKTOP-8BVO14S MINGW64 /d/TechMahindra/GitExamples (main)
$ cat > file2.txt
This is file2

Tehith@DESKTOP-8BVO14S MINGW64 /d/TechMahindra/GitExamples (main)
$ echo "It is created using redirection" >> file3.txt

Tehith@DESKTOP-8BVO14S MINGW64 /d/TechMahindra/GitExamples (main)
$ ls -al
total 7
drwxr-xr-x 1 Tehith 197121  0 Jun  5 00:14 ./
drwxr-xr-x 1 Tehith 197121  0 Jun  5 00:10 ../
drwxr-xr-x 1 Tehith 197121  0 Jun  5 00:11 .git/
-rw-r--r-- 1 Tehith 197121  0 Jun  5 00:12 Welcome.txt
-rw-r--r-- 1 Tehith 197121 30 Jun  5 00:13 file1.txt
-rw-r--r-- 1 Tehith 197121 14 Jun  5 00:14 file2.txt
-rw-r--r-- 1 Tehith 197121 32 Jun  5 00:14 file3.txt

Tehith@DESKTOP-8BVO14S MINGW64 /d/TechMahindra/GitExamples (main)
$ cat > .file4.txt

Tehith@DESKTOP-8BVO14S MINGW64 /d/TechMahindra/GitExamples (main)
$ cat > .file5.txt

Tehith@DESKTOP-8BVO14S MINGW64 /d/TechMahindra/GitExamples (main)
$ ls
Welcome.txt  file1.txt  file2.txt  file3.txt

Tehith@DESKTOP-8BVO14S MINGW64 /d/TechMahindra/GitExamples (main)
$ ls -al
total 11
drwxr-xr-x 1 Tehith 197121  0 Jun  5 00:15 ./
drwxr-xr-x 1 Tehith 197121  0 Jun  5 00:10 ../
-rw-r--r-- 1 Tehith 197121  0 Jun  5 00:15 .file4.txt
drwxr-xr-x 1 Tehith 197121  0 Jun  5 00:11 .git/
-rw-r--r-- 1 Tehith 197121  0 Jun  5 00:12 Welcome.txt
-rw-r--r-- 1 Tehith 197121 30 Jun  5 00:13 file1.txt
-rw-r--r-- 1 Tehith 197121 14 Jun  5 00:14 file2.txt
-rw-r--r-- 1 Tehith 197121 32 Jun  5 00:14 file3.txt

Tehith@DESKTOP-8BVO14S MINGW64 /d/TechMahindra/GitExamples (main)
$ ls -l
total 3
-rw-r--r-- 1 Tehith 197121  0 Jun  5 00:12 Welcome.txt
-rw-r--r-- 1 Tehith 197121 30 Jun  5 00:13 file1.txt
-rw-r--r-- 1 Tehith 197121 14 Jun  5 00:14 file2.txt
-rw-r--r-- 1 Tehith 197121 32 Jun  5 00:14 file3.txt

Tehith@DESKTOP-8BVO14S MINGW64 /d/TechMahindra/GitExamples (main)
$ git status
On branch main

No commits yet

Untracked files:
  (use "git add <file>..." to include in what will be committed)
        .file4.txt
        Welcome.txt
        file1.txt
        file2.txt
        file3.txt

nothing added to commit but untracked files present (use "git add" to track)

Tehith@DESKTOP-8BVO14S MINGW64 /d/TechMahindra/GitExamples (main)
$ git add file1.txt
warning: in the working copy of 'file1.txt', LF will be replaced by CRLF the next time Git touches it

Tehith@DESKTOP-8BVO14S MINGW64 /d/TechMahindra/GitExamples (main)
$ git status
On branch main

No commits yet

Changes to be committed:
  (use "git rm --cached <file>..." to unstage)
        new file:   file1.txt

Untracked files:
  (use "git add <file>..." to include in what will be committed)
        .file4.txt
        Welcome.txt
        file2.txt
        file3.txt


Tehith@DESKTOP-8BVO14S MINGW64 /d/TechMahindra/GitExamples (main)
$ git add *.txt
warning: in the working copy of 'file2.txt', LF will be replaced by CRLF the next time Git touches it
warning: in the working copy of 'file3.txt', LF will be replaced by CRLF the next time Git touches it
Tehith@DESKTOP-8BVO14S MINGW64 /d/TechMahindra/GitExamples (main)
$ git status
On branch main

No commits yet

Changes to be committed:
  (use "git rm --cached <file>..." to unstage)
        new file:   Welcome.txt
        new file:   file1.txt
        new file:   file2.txt
        new file:   file3.txt

Untracked files:
  (use "git add <file>..." to include in what will be committed)
        .file4.txt


Tehith@DESKTOP-8BVO14S MINGW64 /d/TechMahindra/GitExamples (main)
$ git commit


Aborting commit due to empty commit message.

Tehith@DESKTOP-8BVO14S MINGW64 /d/TechMahindra/GitExamples (main)
$ git add .file.txt
fatal: pathspec '.file.txt' did not match any files

Tehith@DESKTOP-8BVO14S MINGW64 /d/TechMahindra/GitExamples (main)
$ git status
On branch main

No commits yet

Changes to be committed:
  (use "git rm --cached <file>..." to unstage)
        new file:   Welcome.txt
        new file:   file1.txt
        new file:   file2.txt
        new file:   file3.txt

Untracked files:
  (use "git add <file>..." to include in what will be committed)
        .file4.txt
        GitConfig.txt


Tehith@DESKTOP-8BVO14S MINGW64 /d/TechMahindra/GitExamples (main)
$ git add .file4.txt

Tehith@DESKTOP-8BVO14S MINGW64 /d/TechMahindra/GitExamples (main)
$ git status
On branch main

No commits yet

Changes to be committed:
  (use "git rm --cached <file>..." to unstage)
        new file:   .file4.txt
        new file:   Welcome.txt
        new file:   file1.txt
        new file:   file2.txt
        new file:   file3.txt

Untracked files:
  (use "git add <file>..." to include in what will be committed)
        GitConfig.txt


Tehith@DESKTOP-8BVO14S MINGW64 /d/TechMahindra/GitExamples (main)
$ git add .

Tehith@DESKTOP-8BVO14S MINGW64 /d/TechMahindra/GitExamples (main)
$ git status
On branch main

No commits yet

Changes to be committed:
  (use "git rm --cached <file>..." to unstage)
        new file:   .file4.txt
        new file:   GitConfig.txt
        new file:   Welcome.txt
        new file:   file1.txt
        new file:   file2.txt
        new file:   file3.txt


Tehith@DESKTOP-8BVO14S MINGW64 /d/TechMahindra/GitExamples (main)
$ git commit -m "First Commit"
[main (root-commit) 88502d5] First Commit
 6 files changed, 184 insertions(+)
 create mode 100644 .file4.txt
 create mode 100644 GitConfig.txt
 create mode 100644 Welcome.txt
 create mode 100644 file1.txt
 create mode 100644 file2.txt
 create mode 100644 file3.txt

Tehith@DESKTOP-8BVO14S MINGW64 /d/TechMahindra/GitExamples (main)
$ git remote add origin https://github.com/saitehith28/ExamplesGit.git

Tehith@DESKTOP-8BVO14S MINGW64 /d/TechMahindra/GitExamples (main)
$ To remove git remote remove origin
bash: To: command not found

Tehith@DESKTOP-8BVO14S MINGW64 /d/TechMahindra/GitExamples (main)
$ git push origin main
Enumerating objects: 7, done.
Counting objects: 100% (7/7), done.
Delta compression using up to 8 threads
Compressing objects: 100% (3/3), done.
Writing objects: 100% (7/7), 1.28 KiB | 326.00 KiB/s, done.
Total 7 (delta 0), reused 0 (delta 0), pack-reused 0 (from 0)
To https://github.com/saitehith28/ExamplesGit.git
 * [new branch]      main -> main

Tehith@DESKTOP-8BVO14S MINGW64 /d/TechMahindra/GitExamples (main)
$ git push origin master
error: src refspec master does not match any
error: failed to push some refs to 'https://github.com/saitehith28/ExamplesGit.git'

Tehith@DESKTOP-8BVO14S MINGW64 /d/TechMahindra/GitExamples (main)
$ git branch
* main

Tehith@DESKTOP-8BVO14S MINGW64 /d/TechMahindra/GitExamples (main)
$ git status
On branch main
nothing to commit, working tree clean

Tehith@DESKTOP-8BVO14S MINGW64 /d/TechMahindra/GitExamples (main)
$ git branch GitNewBranch

Tehith@DESKTOP-8BVO14S MINGW64 /d/TechMahindra/GitExamples (main)
$ git branch
  GitNewBranch
* main

Tehith@DESKTOP-8BVO14S MINGW64 /d/TechMahindra/GitExamples (main)
$ git checkout GitNewBrach
error: pathspec 'GitNewBrach' did not match any file(s) known to git

Tehith@DESKTOP-8BVO14S MINGW64 /d/TechMahindra/GitExamples (main)
$ git checkout GitNewBranch
Switched to branch 'GitNewBranch'

Tehith@DESKTOP-8BVO14S MINGW64 /d/TechMahindra/GitExamples (GitNewBranch)
$ git branch
* GitNewBranch
  main

Tehith@DESKTOP-8BVO14S MINGW64 /d/TechMahindra/GitExamples (GitNewBranch)
$ vi






Tehith@DESKTOP-8BVO14S MINGW64 /d/TechMahindra/GitExamples (GitNewBranch)
$ vi^C

Tehith@DESKTOP-8BVO14S MINGW64 /d/TechMahindra/GitExamples (GitNewBranch)
$ vi simple.txt

Tehith@DESKTOP-8BVO14S MINGW64 /d/TechMahindra/GitExamples (GitNewBranch)
$ press esc shift : wq
bash: press: command not found

Tehith@DESKTOP-8BVO14S MINGW64 /d/TechMahindra/GitExamples (GitNewBranch)
$ git status
On branch GitNewBranch
Changes not staged for commit:
  (use "git add <file>..." to update what will be committed)
  (use "git restore <file>..." to discard changes in working directory)
        modified:   GitConfig.txt

Untracked files:
  (use "git add <file>..." to include in what will be committed)
        simple.txt

no changes added to commit (use "git add" and/or "git commit -a")

Tehith@DESKTOP-8BVO14S MINGW64 /d/TechMahindra/GitExamples (GitNewBranch)
$ git add .
warning: in the working copy of 'simple.txt', LF will be replaced by CRLF the next time Git touches it

Tehith@DESKTOP-8BVO14S MINGW64 /d/TechMahindra/GitExamples (GitNewBranch)
$ git status
On branch GitNewBranch
Changes to be committed:
  (use "git restore --staged <file>..." to unstage)
        modified:   GitConfig.txt
        new file:   simple.txt


Tehith@DESKTOP-8BVO14S MINGW64 /d/TechMahindra/GitExamples (GitNewBranch)
$ git commit -m "simple.txt"
[GitNewBranch 801151b] simple.txt
 2 files changed, 135 insertions(+)
 create mode 100644 simple.txt

Tehith@DESKTOP-8BVO14S MINGW64 /d/TechMahindra/GitExamples (GitNewBranch)
$ git status
On branch GitNewBranch
nothing to commit, working tree clean

Tehith@DESKTOP-8BVO14S MINGW64 /d/TechMahindra/GitExamples (GitNewBranch)
$ git push origin GitNewBranch
Enumerating objects: 6, done.
Counting objects: 100% (6/6), done.
Delta compression using up to 8 threads
Compressing objects: 100% (3/3), done.
Writing objects: 100% (4/4), 1.06 KiB | 1.06 MiB/s, done.
Total 4 (delta 2), reused 0 (delta 0), pack-reused 0 (from 0)
remote: Resolving deltas: 100% (2/2), completed with 2 local objects.
remote:
remote: Create a pull request for 'GitNewBranch' on GitHub by visiting:
remote:      https://github.com/saitehith28/ExamplesGit/pull/new/GitNewBranch
remote:
To https://github.com/saitehith28/ExamplesGit.git
 * [new branch]      GitNewBranch -> GitNewBranch

Tehith@DESKTOP-8BVO14S MINGW64 /d/TechMahindra/GitExamples (GitNewBranch)
$ git log oneline GitNewBranch
fatal: ambiguous argument 'oneline': unknown revision or path not in the working tree.
Use '--' to separate paths from revisions, like this:
'git <command> [<revision>...] -- [<file>...]'

Tehith@DESKTOP-8BVO14S MINGW64 /d/TechMahindra/GitExamples (GitNewBranch)
$ git log --oneline GitNewBranch
801151b (HEAD -> GitNewBranch, origin/GitNewBranch) simple.txt
88502d5 (origin/main, main) First Commit

Tehith@DESKTOP-8BVO14S MINGW64 /d/TechMahindra/GitExamples (GitNewBranch)
$ git log --oneline main
88502d5 (origin/main, main) First Commit
Tehith@DESKTOP-8BVO14S MINGW64 /d/TechMahindra/GitExamples (main)
$ vi hello2.xml

Tehith@DESKTOP-8BVO14S MINGW64 /d/TechMahindra/GitExamples (main)
$ git log --oneline main
801151b (HEAD -> main, origin/main, origin/GitNewBranch, GitNewBranch) simple.txt
88502d5 First Commit

Tehith@DESKTOP-8BVO14S MINGW64 /d/TechMahindra/GitExamples (main)
$ git status
On branch main
Untracked files:
  (use "git add <file>..." to include in what will be committed)
        hello.xml
        hello2.xml

nothing added to commit but untracked files present (use "git add" to track)

Tehith@DESKTOP-8BVO14S MINGW64 /d/TechMahindra/GitExamples (main)
$ git add .
warning: in the working copy of 'hello.xml', LF will be replaced by CRLF the next time Git touches it
warning: in the working copy of 'hello2.xml', LF will be replaced by CRLF the next time Git touches it

Tehith@DESKTOP-8BVO14S MINGW64 /d/TechMahindra/GitExamples (main)
$ git status
On branch main
Changes to be committed:
  (use "git restore --staged <file>..." to unstage)
        new file:   hello.xml
        new file:   hello2.xml


Tehith@DESKTOP-8BVO14S MINGW64 /d/TechMahindra/GitExamples (main)
$ git log --oneline main
801151b (HEAD -> main, origin/main, origin/GitNewBranch, GitNewBranch) simple.txt
88502d5 First Commit

Tehith@DESKTOP-8BVO14S MINGW64 /d/TechMahindra/GitExamples (main)
$ git commit -m "added hello2.xml"
[main 8996a2a] added hello2.xml
 2 files changed, 2 insertions(+)
 create mode 100644 hello.xml
 create mode 100644 hello2.xml

Tehith@DESKTOP-8BVO14S MINGW64 /d/TechMahindra/GitExamples (main)
$ git push origin main
Enumerating objects: 5, done.
Counting objects: 100% (5/5), done.
Delta compression using up to 8 threads
Compressing objects: 100% (2/2), done.
Writing objects: 100% (4/4), 340 bytes | 340.00 KiB/s, done.
Total 4 (delta 1), reused 0 (delta 0), pack-reused 0 (from 0)
remote: Resolving deltas: 100% (1/1), completed with 1 local object.
To https://github.com/saitehith28/ExamplesGit.git
   801151b..8996a2a  main -> main

Tehith@DESKTOP-8BVO14S MINGW64 /d/TechMahindra/GitExamples (main)
$
